[INFO] Scanning for projects...
[WARNING] 
[WARNING] Some problems were encountered while building the effective model for com.smartcbwtf:backend:jar:0.0.1-SNAPSHOT
[WARNING] 'build.plugins.plugin.version' for org.springframework.boot:spring-boot-maven-plugin is missing. @ line 131, column 21
[WARNING] 
[WARNING] It is highly recommended to fix these problems because they threaten the stability of your build.
[WARNING] 
[WARNING] For this reason, future Maven versions might no longer support building such malformed projects.
[WARNING] 
[INFO] 
[INFO] -----------------------< com.smartcbwtf:backend >-----------------------
[INFO] Building smart-cbwtf-backend 0.0.1-SNAPSHOT
[INFO]   from pom.xml
[INFO] --------------------------------[ jar ]---------------------------------
[INFO] 
[INFO] >>> spring-boot:4.0.1:run (default-cli) > test-compile @ backend >>>
[INFO] 
[INFO] --- resources:3.3.1:resources (default-resources) @ backend ---
[WARNING] Using platform encoding (UTF-8 actually) to copy filtered resources, i.e. build is platform dependent!
[INFO] Copying 59 resources from src/main/resources to target/classes
[INFO] 
[INFO] --- compiler:3.11.0:compile (default-compile) @ backend ---
[INFO] Nothing to compile - all classes are up to date
[INFO] 
[INFO] --- resources:3.3.1:testResources (default-testResources) @ backend ---
[WARNING] Using platform encoding (UTF-8 actually) to copy filtered resources, i.e. build is platform dependent!
[INFO] Copying 1 resource from src/test/resources to target/test-classes
[INFO] 
[INFO] --- compiler:3.11.0:testCompile (default-testCompile) @ backend ---
[INFO] Nothing to compile - all classes are up to date
[INFO] 
[INFO] <<< spring-boot:4.0.1:run (default-cli) < test-compile @ backend <<<
[INFO] 
[INFO] 
[INFO] --- spring-boot:4.0.1:run (default-cli) @ backend ---
[INFO] Attaching agents: []
Standard Commons Logging discovery in action with spring-jcl: please remove commons-logging.jar from classpath in order to avoid potential conflicts

  .   ____          _            __ _ _
 /\\ / ___'_ __ _ _(_)_ __  __ _ \ \ \ \
( ( )\___ | '_ | '_| | '_ \/ _` | \ \ \ \
 \\/  ___)| |_)| | | | | || (_| |  ) ) ) )
  '  |____| .__|_| |_|_| |_\__, | / / / /
 =========|_|==============|___/=/_/_/_/
 :: Spring Boot ::                (v3.2.5)

2026-01-09T23:40:50.344+05:30  INFO 19824 --- [smart-cbwtf-backend] [           main] com.smartcbwtf.Application               : Starting Application using Java 25.0.1 with PID 19824 (/Users/anshveerturna/Documents/SmartCBWTF/backend/target/classes started by anshveerturna in /Users/anshveerturna/Documents/SmartCBWTF/backend)
2026-01-09T23:40:50.345+05:30 DEBUG 19824 --- [smart-cbwtf-backend] [           main] com.smartcbwtf.Application               : Running with Spring Boot v3.2.5, Spring v6.1.6
2026-01-09T23:40:50.345+05:30  INFO 19824 --- [smart-cbwtf-backend] [           main] com.smartcbwtf.Application               : No active profile set, falling back to 1 default profile: "default"
2026-01-09T23:40:51.014+05:30  INFO 19824 --- [smart-cbwtf-backend] [           main] .s.d.r.c.RepositoryConfigurationDelegate : Bootstrapping Spring Data JPA repositories in DEFAULT mode.
2026-01-09T23:40:51.113+05:30  INFO 19824 --- [smart-cbwtf-backend] [           main] .s.d.r.c.RepositoryConfigurationDelegate : Finished Spring Data repository scanning in 95 ms. Found 67 JPA repository interfaces.
WARNING: A restricted method in java.lang.System has been called
WARNING: java.lang.System::load has been called by org.apache.tomcat.jni.Library in an unnamed module (file:/Users/anshveerturna/.m2/repository/org/apache/tomcat/embed/tomcat-embed-core/10.1.20/tomcat-embed-core-10.1.20.jar)
WARNING: Use --enable-native-access=ALL-UNNAMED to avoid a warning for callers in this module
WARNING: Restricted methods will be blocked in a future release unless native access is enabled

2026-01-09T23:40:51.554+05:30  INFO 19824 --- [smart-cbwtf-backend] [           main] o.s.b.w.embedded.tomcat.TomcatWebServer  : Tomcat initialized with port 8080 (http)
2026-01-09T23:40:51.560+05:30  INFO 19824 --- [smart-cbwtf-backend] [           main] o.apache.catalina.core.StandardService   : Starting service [Tomcat]
2026-01-09T23:40:51.561+05:30  INFO 19824 --- [smart-cbwtf-backend] [           main] o.apache.catalina.core.StandardEngine    : Starting Servlet engine: [Apache Tomcat/10.1.20]
2026-01-09T23:40:51.591+05:30  INFO 19824 --- [smart-cbwtf-backend] [           main] o.a.c.c.C.[Tomcat].[localhost].[/]       : Initializing Spring embedded WebApplicationContext
2026-01-09T23:40:51.591+05:30  INFO 19824 --- [smart-cbwtf-backend] [           main] w.s.c.ServletWebServerApplicationContext : Root WebApplicationContext: initialization completed in 1225 ms
Standard Commons Logging discovery in action with spring-jcl: please remove commons-logging.jar from classpath in order to avoid potential conflicts
2026-01-09T23:40:51.753+05:30  INFO 19824 --- [smart-cbwtf-backend] [           main] com.zaxxer.hikari.HikariDataSource       : HikariPool-1 - Starting...
2026-01-09T23:40:51.850+05:30  INFO 19824 --- [smart-cbwtf-backend] [           main] com.zaxxer.hikari.pool.HikariPool        : HikariPool-1 - Added connection org.postgresql.jdbc.PgConnection@3a70575
2026-01-09T23:40:51.851+05:30  INFO 19824 --- [smart-cbwtf-backend] [           main] com.zaxxer.hikari.HikariDataSource       : HikariPool-1 - Start completed.
2026-01-09T23:40:51.910+05:30  INFO 19824 --- [smart-cbwtf-backend] [           main] o.f.c.internal.license.VersionPrinter    : Flyway Community Edition 9.22.3 by Redgate
2026-01-09T23:40:51.911+05:30  INFO 19824 --- [smart-cbwtf-backend] [           main] o.f.c.internal.license.VersionPrinter    : See release notes here: https://rd.gt/416ObMi
2026-01-09T23:40:51.911+05:30  INFO 19824 --- [smart-cbwtf-backend] [           main] o.f.c.internal.license.VersionPrinter    : 
2026-01-09T23:40:51.920+05:30  INFO 19824 --- [smart-cbwtf-backend] [           main] org.flywaydb.core.FlywayExecutor         : Database: jdbc:postgresql://localhost:5432/smart_cbwtf (PostgreSQL 14.20)
2026-01-09T23:40:52.228+05:30  INFO 19824 --- [smart-cbwtf-backend] [           main] o.f.core.internal.command.DbMigrate      : Current version of schema "public": 58
2026-01-09T23:40:52.237+05:30  INFO 19824 --- [smart-cbwtf-backend] [           main] o.f.core.internal.command.DbMigrate      : Schema "public" is up to date. No migration necessary.
2026-01-09T23:40:52.306+05:30  INFO 19824 --- [smart-cbwtf-backend] [           main] o.hibernate.jpa.internal.util.LogHelper  : HHH000204: Processing PersistenceUnitInfo [name: default]
2026-01-09T23:40:52.349+05:30  INFO 19824 --- [smart-cbwtf-backend] [           main] org.hibernate.Version                    : HHH000412: Hibernate ORM core version 6.4.4.Final
2026-01-09T23:40:52.366+05:30  INFO 19824 --- [smart-cbwtf-backend] [           main] o.h.c.internal.RegionFactoryInitiator    : HHH000026: Second-level cache disabled
2026-01-09T23:40:52.545+05:30  INFO 19824 --- [smart-cbwtf-backend] [           main] o.s.o.j.p.SpringPersistenceUnitInfo      : No LoadTimeWeaver setup: ignoring JPA class transformer
2026-01-09T23:40:53.642+05:30  INFO 19824 --- [smart-cbwtf-backend] [           main] o.h.e.t.j.p.i.JtaPlatformInitiator       : HHH000489: No JTA platform available (set 'hibernate.transaction.jta.platform' to enable JTA platform integration)
2026-01-09T23:40:53.741+05:30  INFO 19824 --- [smart-cbwtf-backend] [           main] j.LocalContainerEntityManagerFactoryBean : Initialized JPA EntityManagerFactory for persistence unit 'default'
2026-01-09T23:40:53.972+05:30  INFO 19824 --- [smart-cbwtf-backend] [           main] o.s.d.j.r.query.QueryEnhancerFactory     : Hibernate is in classpath; If applicable, HQL parser will be used.
2026-01-09T23:40:54.446+05:30 DEBUG 19824 --- [smart-cbwtf-backend] [           main] c.s.config.RequestLoggingFilter          : Filter 'requestLoggingFilter' configured for use
2026-01-09T23:40:54.447+05:30 DEBUG 19824 --- [smart-cbwtf-backend] [           main] c.s.config.SubscriptionGuardFilter       : Filter 'subscriptionGuardFilter' configured for use
2026-01-09T23:40:54.447+05:30 DEBUG 19824 --- [smart-cbwtf-backend] [           main] com.smartcbwtf.config.JwtAuthFilter      : Filter 'jwtAuthFilter' configured for use
2026-01-09T23:40:54.447+05:30 DEBUG 19824 --- [smart-cbwtf-backend] [           main] c.smartcbwtf.config.SystemConfigFilter   : Filter 'systemConfigFilter' configured for use
2026-01-09T23:41:00.329+05:30  INFO 19824 --- [smart-cbwtf-backend] [           main] c.s.service.ConsumableImageService       : Consumable image storage initialized at: /Users/anshveerturna/Documents/SmartCBWTF/backend/uploads/consumables
2026-01-09T23:41:00.764+05:30  INFO 19824 --- [smart-cbwtf-backend] [           main] c.s.service.GpsIngestionService          : Registered GPS adapter: GENERIC
2026-01-09T23:41:00.764+05:30  INFO 19824 --- [smart-cbwtf-backend] [           main] c.s.service.GpsIngestionService          : Registered GPS adapter: WHEELSEYE
2026-01-09T23:41:23.558+05:30  INFO 19824 --- [smart-cbwtf-backend] [           main] o.s.b.a.e.web.EndpointLinksResolver      : Exposing 1 endpoint(s) beneath base path '/actuator'
2026-01-09T23:41:23.623+05:30  INFO 19824 --- [smart-cbwtf-backend] [           main] o.s.s.web.DefaultSecurityFilterChain     : Will secure any request with [org.springframework.security.web.session.DisableEncodeUrlFilter@55682557, org.springframework.security.web.context.request.async.WebAsyncManagerIntegrationFilter@4d685bb0, org.springframework.security.web.context.SecurityContextHolderFilter@7b38966a, org.springframework.security.web.header.HeaderWriterFilter@241b26c, org.springframework.web.filter.CorsFilter@1555448f, org.springframework.security.web.authentication.logout.LogoutFilter@17cc0405, com.smartcbwtf.config.RequestLoggingFilter@3cae42e6, com.smartcbwtf.config.JwtAuthFilter@48a28383, org.springframework.security.web.savedrequest.RequestCacheAwareFilter@5b3e8d87, org.springframework.security.web.servletapi.SecurityContextHolderAwareRequestFilter@3a36d145, org.springframework.security.web.authentication.AnonymousAuthenticationFilter@19b6d81b, org.springframework.security.web.session.SessionManagementFilter@405360a1, org.springframework.security.web.access.ExceptionTranslationFilter@29f5d2b9, org.springframework.security.web.access.intercept.AuthorizationFilter@1b99c0bc]
2026-01-09T23:41:24.084+05:30  INFO 19824 --- [smart-cbwtf-backend] [           main] o.s.b.w.embedded.tomcat.TomcatWebServer  : Tomcat started on port 8080 (http) with context path ''
2026-01-09T23:41:24.098+05:30  INFO 19824 --- [smart-cbwtf-backend] [           main] com.smartcbwtf.Application               : Started Application in 33.938 seconds (process running for 34.113)
2026-01-09T23:41:24.158+05:30  INFO 19824 --- [smart-cbwtf-backend] [           main] c.s.config.VehicleGpsDataSeeder          : ============================================================
2026-01-09T23:41:24.158+05:30  INFO 19824 --- [smart-cbwtf-backend] [           main] c.s.config.VehicleGpsDataSeeder          : VEHICLE GPS DATA SEEDER - Starting
2026-01-09T23:41:24.158+05:30  INFO 19824 --- [smart-cbwtf-backend] [           main] c.s.config.VehicleGpsDataSeeder          : ============================================================
2026-01-09T23:41:24.280+05:30  INFO 19824 --- [smart-cbwtf-backend] [           main] c.s.config.VehicleGpsDataSeeder          : ✅ Resolved facility: Test CBWTF Facility. (ID: a1b2c3d4-e5f6-7890-abcd-ef1234567890)
2026-01-09T23:41:24.291+05:30  INFO 19824 --- [smart-cbwtf-backend] [           main] c.s.config.VehicleGpsDataSeeder          : ⏭️ GPS data already seeded (2 ingestion logs found). Skipping.
2026-01-09T23:41:24.299+05:30  INFO 19824 --- [smart-cbwtf-backend] [           main] c.smartcbwtf.config.AnalyticsDataSeeder  : ============================================================
2026-01-09T23:41:24.299+05:30  INFO 19824 --- [smart-cbwtf-backend] [           main] c.smartcbwtf.config.AnalyticsDataSeeder  : ANALYTICS DATA SEEDER - Starting
2026-01-09T23:41:24.299+05:30  INFO 19824 --- [smart-cbwtf-backend] [           main] c.smartcbwtf.config.AnalyticsDataSeeder  : ============================================================
2026-01-09T23:41:24.309+05:30  INFO 19824 --- [smart-cbwtf-backend] [           main] c.smartcbwtf.config.AnalyticsDataSeeder  : ✅ Resolved facility: Test CBWTF Facility. (ID: a1b2c3d4-e5f6-7890-abcd-ef1234567890)
2026-01-09T23:41:24.322+05:30  INFO 19824 --- [smart-cbwtf-backend] [           main] c.smartcbwtf.config.AnalyticsDataSeeder  : ⏭️ Analytics data already seeded (5 HCFs found). Skipping.
2026-01-09T23:41:40.133+05:30  INFO 19824 --- [smart-cbwtf-backend] [nio-8080-exec-1] o.a.c.c.C.[Tomcat].[localhost].[/]       : Initializing Spring DispatcherServlet 'dispatcherServlet'
2026-01-09T23:41:40.134+05:30  INFO 19824 --- [smart-cbwtf-backend] [nio-8080-exec-1] o.s.web.servlet.DispatcherServlet        : Initializing Servlet 'dispatcherServlet'
2026-01-09T23:41:40.148+05:30  INFO 19824 --- [smart-cbwtf-backend] [nio-8080-exec-1] o.s.web.servlet.DispatcherServlet        : Completed initialization in 14 ms
2026-01-09T23:41:40.323+05:30  INFO 19824 --- [smart-cbwtf-backend] [nio-8080-exec-1] c.s.config.RequestLoggingFilter          : traceId=0659e255-9b47-46f5-aa86-8603395e8023 method=GET path=/actuator/health status=200 user=anonymousUser durationMs=140
2026-01-09T23:41:47.301+05:30  INFO 19824 --- [smart-cbwtf-backend] [nio-8080-exec-3] c.smartcbwtf.controller.AuthController   : Successful login: test_cbwtf (role: CBWTF_ADMIN)
2026-01-09T23:41:47.305+05:30  INFO 19824 --- [smart-cbwtf-backend] [nio-8080-exec-3] c.s.config.RequestLoggingFilter          : traceId=0373410e-bcf6-4df1-b45c-47ba3ff50f5e method=POST path=/api/auth/login status=200 user=anonymousUser durationMs=532
JwtAuthFilter checking path: /api/cbwtf/hcfs/6156ec55-bd0b-4982-85b2-f0595dfc4e7d/portal-admin Auth Header present: true
JWT Parse Error: JWT strings must contain exactly 2 period characters. Found: 0
io.jsonwebtoken.MalformedJwtException: JWT strings must contain exactly 2 period characters. Found: 0
	at io.jsonwebtoken.impl.DefaultJwtParser.parse(DefaultJwtParser.java:275)
	at io.jsonwebtoken.impl.DefaultJwtParser.parse(DefaultJwtParser.java:529)
	at io.jsonwebtoken.impl.DefaultJwtParser.parseClaimsJws(DefaultJwtParser.java:589)
	at io.jsonwebtoken.impl.ImmutableJwtParser.parseClaimsJws(ImmutableJwtParser.java:173)
	at com.smartcbwtf.config.JwtService.parseClaims(JwtService.java:57)
	at com.smartcbwtf.config.JwtAuthFilter.doFilterInternal(JwtAuthFilter.java:43)
	at org.springframework.web.filter.OncePerRequestFilter.doFilter(OncePerRequestFilter.java:116)
	at org.springframework.security.web.ObservationFilterChainDecorator$ObservationFilter.wrapFilter(ObservationFilterChainDecorator.java:240)
	at org.springframework.security.web.ObservationFilterChainDecorator$ObservationFilter.doFilter(ObservationFilterChainDecorator.java:227)
	at org.springframework.security.web.ObservationFilterChainDecorator$VirtualFilterChain.doFilter(ObservationFilterChainDecorator.java:137)
	at com.smartcbwtf.config.RequestLoggingFilter.doFilterInternal(RequestLoggingFilter.java:31)
	at org.springframework.web.filter.OncePerRequestFilter.doFilter(OncePerRequestFilter.java:116)
	at org.springframework.security.web.ObservationFilterChainDecorator$ObservationFilter.wrapFilter(ObservationFilterChainDecorator.java:240)
	at org.springframework.security.web.ObservationFilterChainDecorator$ObservationFilter.doFilter(ObservationFilterChainDecorator.java:227)
	at org.springframework.security.web.ObservationFilterChainDecorator$VirtualFilterChain.doFilter(ObservationFilterChainDecorator.java:137)
	at org.springframework.security.web.authentication.logout.LogoutFilter.doFilter(LogoutFilter.java:107)
	at org.springframework.security.web.authentication.logout.LogoutFilter.doFilter(LogoutFilter.java:93)
	at org.springframework.security.web.ObservationFilterChainDecorator$ObservationFilter.wrapFilter(ObservationFilterChainDecorator.java:240)
	at org.springframework.security.web.ObservationFilterChainDecorator$ObservationFilter.doFilter(ObservationFilterChainDecorator.java:227)
	at org.springframework.security.web.ObservationFilterChainDecorator$VirtualFilterChain.doFilter(ObservationFilterChainDecorator.java:137)
	at org.springframework.web.filter.CorsFilter.doFilterInternal(CorsFilter.java:91)
	at org.springframework.web.filter.OncePerRequestFilter.doFilter(OncePerRequestFilter.java:116)
	at org.springframework.security.web.ObservationFilterChainDecorator$ObservationFilter.wrapFilter(ObservationFilterChainDecorator.java:240)
	at org.springframework.security.web.ObservationFilterChainDecorator$ObservationFilter.doFilter(ObservationFilterChainDecorator.java:227)
	at org.springframework.security.web.ObservationFilterChainDecorator$VirtualFilterChain.doFilter(ObservationFilterChainDecorator.java:137)
	at org.springframework.security.web.header.HeaderWriterFilter.doHeadersAfter(HeaderWriterFilter.java:90)
	at org.springframework.security.web.header.HeaderWriterFilter.doFilterInternal(HeaderWriterFilter.java:75)
	at org.springframework.web.filter.OncePerRequestFilter.doFilter(OncePerRequestFilter.java:116)
	at org.springframework.security.web.ObservationFilterChainDecorator$ObservationFilter.wrapFilter(ObservationFilterChainDecorator.java:240)
	at org.springframework.security.web.ObservationFilterChainDecorator$ObservationFilter.doFilter(ObservationFilterChainDecorator.java:227)
	at org.springframework.security.web.ObservationFilterChainDecorator$VirtualFilterChain.doFilter(ObservationFilterChainDecorator.java:137)
	at org.springframework.security.web.context.SecurityContextHolderFilter.doFilter(SecurityContextHolderFilter.java:82)
	at org.springframework.security.web.context.SecurityContextHolderFilter.doFilter(SecurityContextHolderFilter.java:69)
	at org.springframework.security.web.ObservationFilterChainDecorator$ObservationFilter.wrapFilter(ObservationFilterChainDecorator.java:240)
	at org.springframework.security.web.ObservationFilterChainDecorator$ObservationFilter.doFilter(ObservationFilterChainDecorator.java:227)
	at org.springframework.security.web.ObservationFilterChainDecorator$VirtualFilterChain.doFilter(ObservationFilterChainDecorator.java:137)
	at org.springframework.security.web.context.request.async.WebAsyncManagerIntegrationFilter.doFilterInternal(WebAsyncManagerIntegrationFilter.java:62)
	at org.springframework.web.filter.OncePerRequestFilter.doFilter(OncePerRequestFilter.java:116)
	at org.springframework.security.web.ObservationFilterChainDecorator$ObservationFilter.wrapFilter(ObservationFilterChainDecorator.java:240)
	at org.springframework.security.web.ObservationFilterChainDecorator$ObservationFilter.doFilter(ObservationFilterChainDecorator.java:227)
	at org.springframework.security.web.ObservationFilterChainDecorator$VirtualFilterChain.doFilter(ObservationFilterChainDecorator.java:137)
	at org.springframework.security.web.session.DisableEncodeUrlFilter.doFilterInternal(DisableEncodeUrlFilter.java:42)
	at org.springframework.web.filter.OncePerRequestFilter.doFilter(OncePerRequestFilter.java:116)
	at org.springframework.security.web.ObservationFilterChainDecorator$ObservationFilter.wrapFilter(ObservationFilterChainDecorator.java:240)
	at org.springframework.security.web.ObservationFilterChainDecorator$AroundFilterObservation$SimpleAroundFilterObservation.lambda$wrap$0(ObservationFilterChainDecorator.java:323)
	at org.springframework.security.web.ObservationFilterChainDecorator$ObservationFilter.doFilter(ObservationFilterChainDecorator.java:224)
	at org.springframework.security.web.ObservationFilterChainDecorator$VirtualFilterChain.doFilter(ObservationFilterChainDecorator.java:137)
	at org.springframework.security.web.FilterChainProxy.doFilterInternal(FilterChainProxy.java:233)
	at org.springframework.security.web.FilterChainProxy.doFilter(FilterChainProxy.java:191)
	at org.springframework.web.filter.CompositeFilter$VirtualFilterChain.doFilter(CompositeFilter.java:113)
	at org.springframework.web.servlet.handler.HandlerMappingIntrospector.lambda$createCacheFilter$3(HandlerMappingIntrospector.java:195)
	at org.springframework.web.filter.CompositeFilter$VirtualFilterChain.doFilter(CompositeFilter.java:113)
	at org.springframework.web.filter.CompositeFilter.doFilter(CompositeFilter.java:74)
	at org.springframework.security.config.annotation.web.configuration.WebMvcSecurityConfiguration$CompositeFilterChainProxy.doFilter(WebMvcSecurityConfiguration.java:230)
	at org.springframework.web.filter.DelegatingFilterProxy.invokeDelegate(DelegatingFilterProxy.java:352)
	at org.springframework.web.filter.DelegatingFilterProxy.doFilter(DelegatingFilterProxy.java:268)
	at org.apache.catalina.core.ApplicationFilterChain.internalDoFilter(ApplicationFilterChain.java:175)
	at org.apache.catalina.core.ApplicationFilterChain.doFilter(ApplicationFilterChain.java:150)
	at org.springframework.web.filter.RequestContextFilter.doFilterInternal(RequestContextFilter.java:100)
	at org.springframework.web.filter.OncePerRequestFilter.doFilter(OncePerRequestFilter.java:116)
	at org.apache.catalina.core.ApplicationFilterChain.internalDoFilter(ApplicationFilterChain.java:175)
	at org.apache.catalina.core.ApplicationFilterChain.doFilter(ApplicationFilterChain.java:150)
	at org.springframework.web.filter.FormContentFilter.doFilterInternal(FormContentFilter.java:93)
	at org.springframework.web.filter.OncePerRequestFilter.doFilter(OncePerRequestFilter.java:116)
	at org.apache.catalina.core.ApplicationFilterChain.internalDoFilter(ApplicationFilterChain.java:175)
	at org.apache.catalina.core.ApplicationFilterChain.doFilter(ApplicationFilterChain.java:150)
	at org.springframework.web.filter.ServerHttpObservationFilter.doFilterInternal(ServerHttpObservationFilter.java:109)
	at org.springframework.web.filter.OncePerRequestFilter.doFilter(OncePerRequestFilter.java:116)
	at org.apache.catalina.core.ApplicationFilterChain.internalDoFilter(ApplicationFilterChain.java:175)
	at org.apache.catalina.core.ApplicationFilterChain.doFilter(ApplicationFilterChain.java:150)
	at org.springframework.web.filter.CharacterEncodingFilter.doFilterInternal(CharacterEncodingFilter.java:201)
	at org.springframework.web.filter.OncePerRequestFilter.doFilter(OncePerRequestFilter.java:116)
	at org.apache.catalina.core.ApplicationFilterChain.internalDoFilter(ApplicationFilterChain.java:175)
	at org.apache.catalina.core.ApplicationFilterChain.doFilter(ApplicationFilterChain.java:150)
	at org.apache.catalina.core.StandardWrapperValve.invoke(StandardWrapperValve.java:167)
	at org.apache.catalina.core.StandardContextValve.invoke(StandardContextValve.java:90)
	at org.apache.catalina.authenticator.AuthenticatorBase.invoke(AuthenticatorBase.java:482)
	at org.apache.catalina.core.StandardHostValve.invoke(StandardHostValve.java:115)
	at org.apache.catalina.valves.ErrorReportValve.invoke(ErrorReportValve.java:93)
	at org.apache.catalina.core.StandardEngineValve.invoke(StandardEngineValve.java:74)
	at org.apache.catalina.connector.CoyoteAdapter.service(CoyoteAdapter.java:344)
	at org.apache.coyote.http11.Http11Processor.service(Http11Processor.java:391)
	at org.apache.coyote.AbstractProcessorLight.process(AbstractProcessorLight.java:63)
	at org.apache.coyote.AbstractProtocol$ConnectionHandler.process(AbstractProtocol.java:896)
	at org.apache.tomcat.util.net.NioEndpoint$SocketProcessor.doRun(NioEndpoint.java:1736)
	at org.apache.tomcat.util.net.SocketProcessorBase.run(SocketProcessorBase.java:52)
	at org.apache.tomcat.util.threads.ThreadPoolExecutor.runWorker(ThreadPoolExecutor.java:1191)
	at org.apache.tomcat.util.threads.ThreadPoolExecutor$Worker.run(ThreadPoolExecutor.java:659)
	at org.apache.tomcat.util.threads.TaskThread$WrappingRunnable.run(TaskThread.java:63)
	at java.base/java.lang.Thread.run(Thread.java:1474)
2026-01-09T23:41:47.334+05:30  INFO 19824 --- [smart-cbwtf-backend] [nio-8080-exec-5] c.s.config.RequestLoggingFilter          : traceId=16bc39c7-a5c9-4f42-aa44-5227e6f06909 method=GET path=/api/cbwtf/hcfs/6156ec55-bd0b-4982-85b2-f0595dfc4e7d/portal-admin status=403 user=anonymous durationMs=15
2026-01-09T23:41:52.185+05:30 DEBUG 19824 --- [smart-cbwtf-backend] [nio-8080-exec-9] c.s.service.CBWTFDashboardService        : Building dashboard metrics for facility a1b2c3d4-e5f6-7890-abcd-ef1234567890
2026-01-09T23:41:52.208+05:30  INFO 19824 --- [smart-cbwtf-backend] [nio-8080-exec-8] c.s.config.RequestLoggingFilter          : traceId=e0a92eee-574c-476e-991f-3cdeda8fcc22 method=GET path=/api/cbwtf/dashboard/trend-comparison status=200 user=test_cbwtf durationMs=110
2026-01-09T23:41:52.268+05:30  INFO 19824 --- [smart-cbwtf-backend] [nio-8080-exec-7] c.s.config.RequestLoggingFilter          : traceId=c3650f75-1a0d-4a94-8797-24a885f674cf method=GET path=/api/cbwtf/dashboard/category-breakdown status=200 user=test_cbwtf durationMs=171
2026-01-09T23:41:52.295+05:30  INFO 19824 --- [smart-cbwtf-backend] [nio-8080-exec-4] c.s.config.RequestLoggingFilter          : traceId=b66881d9-1468-4dc9-9a22-e9e850f28626 method=GET path=/api/cbwtf/dashboard/weekly-trend status=200 user=test_cbwtf durationMs=198
2026-01-09T23:41:52.358+05:30  INFO 19824 --- [smart-cbwtf-backend] [nio-8080-exec-9] c.s.config.RequestLoggingFilter          : traceId=3afc7628-d741-4602-b706-7fceaced8b6e method=GET path=/api/cbwtf/dashboard status=200 user=test_cbwtf durationMs=261
2026-01-09T23:42:24.125+05:30  INFO 19824 --- [smart-cbwtf-backend] [   scheduling-1] c.smartcbwtf.service.SystemErrorService  : Running auto-detection for system errors...
2026-01-09T23:42:24.170+05:30 DEBUG 19824 --- [smart-cbwtf-backend] [   scheduling-1] c.smartcbwtf.service.SystemErrorService  : Inactive user check skipped - lastLogin field not available
2026-01-09T23:42:24.184+05:30 DEBUG 19824 --- [smart-cbwtf-backend] [   scheduling-1] c.smartcbwtf.service.SystemErrorService  : HCF activity check: 16 total HCFs
2026-01-09T23:42:24.184+05:30  INFO 19824 --- [smart-cbwtf-backend] [   scheduling-1] c.smartcbwtf.service.SystemErrorService  : Auto-detection completed
2026-01-09T23:42:52.381+05:30 DEBUG 19824 --- [smart-cbwtf-backend] [nio-8080-exec-2] c.s.service.CBWTFDashboardService        : Building dashboard metrics for facility a1b2c3d4-e5f6-7890-abcd-ef1234567890
2026-01-09T23:42:52.398+05:30  INFO 19824 --- [smart-cbwtf-backend] [io-8080-exec-10] c.s.config.RequestLoggingFilter          : traceId=8831a3d2-497e-4102-a9e0-e7fb2bb11d2e method=GET path=/api/cbwtf/dashboard/trend-comparison status=200 user=test_cbwtf durationMs=56
2026-01-09T23:42:52.401+05:30  INFO 19824 --- [smart-cbwtf-backend] [nio-8080-exec-1] c.s.config.RequestLoggingFilter          : traceId=0ebb8fa0-da43-4d1c-996e-afd438ff81cb method=GET path=/api/cbwtf/dashboard/category-breakdown status=200 user=test_cbwtf durationMs=59
2026-01-09T23:42:52.439+05:30  INFO 19824 --- [smart-cbwtf-backend] [nio-8080-exec-3] c.s.config.RequestLoggingFilter          : traceId=51d7492b-336c-43c9-b945-6031a332356e method=GET path=/api/cbwtf/dashboard/weekly-trend status=200 user=test_cbwtf durationMs=97
2026-01-09T23:42:52.456+05:30  INFO 19824 --- [smart-cbwtf-backend] [nio-8080-exec-2] c.s.config.RequestLoggingFilter          : traceId=6a02c86e-ac96-4010-bb63-61a1ead6c32c method=GET path=/api/cbwtf/dashboard status=200 user=test_cbwtf durationMs=92
2026-01-09T23:43:24.125+05:30  INFO 19824 --- [smart-cbwtf-backend] [   scheduling-1] c.smartcbwtf.service.SystemErrorService  : Running auto-resolution check for system errors...
2026-01-09T23:43:24.159+05:30  INFO 19824 --- [smart-cbwtf-backend] [   scheduling-1] c.smartcbwtf.service.SystemErrorService  : Auto-resolution completed: 0 errors resolved
2026-01-09T23:43:52.495+05:30 DEBUG 19824 --- [smart-cbwtf-backend] [nio-8080-exec-1] c.s.service.CBWTFDashboardService        : Building dashboard metrics for facility a1b2c3d4-e5f6-7890-abcd-ef1234567890
2026-01-09T23:43:52.503+05:30  INFO 19824 --- [smart-cbwtf-backend] [nio-8080-exec-9] c.s.config.RequestLoggingFilter          : traceId=b2532f8e-52c8-4862-9827-d879f8264509 method=GET path=/api/cbwtf/dashboard/trend-comparison status=200 user=test_cbwtf durationMs=51
2026-01-09T23:43:52.509+05:30  INFO 19824 --- [smart-cbwtf-backend] [nio-8080-exec-4] c.s.config.RequestLoggingFilter          : traceId=71fb7a6b-ffc0-4531-a145-b1e5812d3886 method=GET path=/api/cbwtf/dashboard/category-breakdown status=200 user=test_cbwtf durationMs=57
2026-01-09T23:43:52.546+05:30  INFO 19824 --- [smart-cbwtf-backend] [io-8080-exec-10] c.s.config.RequestLoggingFilter          : traceId=ee6f2428-412f-414b-9262-40f1405ad239 method=GET path=/api/cbwtf/dashboard/weekly-trend status=200 user=test_cbwtf durationMs=94
2026-01-09T23:43:52.574+05:30  INFO 19824 --- [smart-cbwtf-backend] [nio-8080-exec-1] c.s.config.RequestLoggingFilter          : traceId=e996914a-faf6-4437-b0fd-d3e60ce35a3c method=GET path=/api/cbwtf/dashboard status=200 user=test_cbwtf durationMs=111
2026-01-09T23:44:11.628+05:30  INFO 19824 --- [smart-cbwtf-backend] [nio-8080-exec-7] c.smartcbwtf.controller.AuthController   : Successful login: test_cbwtf (role: CBWTF_ADMIN)
2026-01-09T23:44:11.631+05:30  INFO 19824 --- [smart-cbwtf-backend] [nio-8080-exec-7] c.s.config.RequestLoggingFilter          : traceId=5f713e34-fdf7-44ba-901a-ef95cccad2af method=POST path=/api/auth/login status=200 user=anonymousUser durationMs=881
2026-01-09T23:44:52.705+05:30 DEBUG 19824 --- [smart-cbwtf-backend] [io-8080-exec-10] c.s.service.CBWTFDashboardService        : Building dashboard metrics for facility a1b2c3d4-e5f6-7890-abcd-ef1234567890
2026-01-09T23:44:52.738+05:30  INFO 19824 --- [smart-cbwtf-backend] [nio-8080-exec-6] c.s.config.RequestLoggingFilter          : traceId=20396d04-1a62-464b-ad18-4ae0f97e85cd method=GET path=/api/cbwtf/dashboard/trend-comparison status=200 user=test_cbwtf durationMs=119
2026-01-09T23:44:52.741+05:30  INFO 19824 --- [smart-cbwtf-backend] [nio-8080-exec-9] c.s.config.RequestLoggingFilter          : traceId=4a94fbc2-58ef-41cf-bf75-706206ea7812 method=GET path=/api/cbwtf/dashboard/category-breakdown status=200 user=test_cbwtf durationMs=122
2026-01-09T23:44:52.779+05:30  INFO 19824 --- [smart-cbwtf-backend] [nio-8080-exec-4] c.s.config.RequestLoggingFilter          : traceId=32d13153-5f7b-422c-b8a0-16dc38dc2de7 method=GET path=/api/cbwtf/dashboard/weekly-trend status=200 user=test_cbwtf durationMs=160
2026-01-09T23:44:52.812+05:30  INFO 19824 --- [smart-cbwtf-backend] [io-8080-exec-10] c.s.config.RequestLoggingFilter          : traceId=17d3b7d5-79ac-4b44-8aef-218ce749502e method=GET path=/api/cbwtf/dashboard status=200 user=test_cbwtf durationMs=192
2026-01-09T23:45:21.803+05:30  INFO 19824 --- [smart-cbwtf-backend] [nio-8080-exec-3] c.s.controller.CbwtfHcfController        : Controller request: getHcfDetail for ID: 6156ec55-bd0b-4982-85b2-f0595dfc4e7d
2026-01-09T23:45:21.822+05:30  INFO 19824 --- [smart-cbwtf-backend] [nio-8080-exec-3] com.smartcbwtf.service.CbwtfHcfService   : Fetching HCF detail for HCF: 6156ec55-bd0b-4982-85b2-f0595dfc4e7d and Facility: a1b2c3d4-e5f6-7890-abcd-ef1234567890
2026-01-09T23:45:22.372+05:30  INFO 19824 --- [smart-cbwtf-backend] [nio-8080-exec-3] com.smartcbwtf.service.CbwtfHcfService   : Found 1 agreements for HCF 6156ec55-bd0b-4982-85b2-f0595dfc4e7d and Facility a1b2c3d4-e5f6-7890-abcd-ef1234567890
2026-01-09T23:45:22.737+05:30  INFO 19824 --- [smart-cbwtf-backend] [nio-8080-exec-7] c.s.controller.CbwtfHcfController        : Controller request: getHcfDetail for ID: 6156ec55-bd0b-4982-85b2-f0595dfc4e7d
2026-01-09T23:45:22.742+05:30  INFO 19824 --- [smart-cbwtf-backend] [nio-8080-exec-7] com.smartcbwtf.service.CbwtfHcfService   : Fetching HCF detail for HCF: 6156ec55-bd0b-4982-85b2-f0595dfc4e7d and Facility: a1b2c3d4-e5f6-7890-abcd-ef1234567890
2026-01-09T23:45:22.768+05:30  INFO 19824 --- [smart-cbwtf-backend] [nio-8080-exec-7] com.smartcbwtf.service.CbwtfHcfService   : Found 1 agreements for HCF 6156ec55-bd0b-4982-85b2-f0595dfc4e7d and Facility a1b2c3d4-e5f6-7890-abcd-ef1234567890
2026-01-09T23:45:22.902+05:30  INFO 19824 --- [smart-cbwtf-backend] [nio-8080-exec-3] c.s.config.RequestLoggingFilter          : traceId=56ad9f1c-3952-45fc-a335-04bf3b85f98c method=GET path=/api/cbwtf/hcfs/6156ec55-bd0b-4982-85b2-f0595dfc4e7d status=200 user=test_cbwtf durationMs=1259
2026-01-09T23:45:22.912+05:30  INFO 19824 --- [smart-cbwtf-backend] [nio-8080-exec-7] c.s.config.RequestLoggingFilter          : traceId=056b68f2-89f1-4704-86d5-5f6b95363482 method=GET path=/api/cbwtf/hcfs/6156ec55-bd0b-4982-85b2-f0595dfc4e7d status=200 user=test_cbwtf durationMs=808
2026-01-09T23:45:52.837+05:30 DEBUG 19824 --- [smart-cbwtf-backend] [nio-8080-exec-8] c.s.service.CBWTFDashboardService        : Building dashboard metrics for facility a1b2c3d4-e5f6-7890-abcd-ef1234567890
2026-01-09T23:45:52.842+05:30  INFO 19824 --- [smart-cbwtf-backend] [nio-8080-exec-9] c.s.config.RequestLoggingFilter          : traceId=4d0ac29f-1c5b-4bf8-a551-0c680ada10aa method=GET path=/api/cbwtf/dashboard/trend-comparison status=200 user=test_cbwtf durationMs=46
2026-01-09T23:45:52.843+05:30  INFO 19824 --- [smart-cbwtf-backend] [nio-8080-exec-4] c.s.config.RequestLoggingFilter          : traceId=a63f14fc-6a28-45ff-9d06-2cfd0c77c5bf method=GET path=/api/cbwtf/dashboard/category-breakdown status=200 user=test_cbwtf durationMs=47
2026-01-09T23:45:52.881+05:30  INFO 19824 --- [smart-cbwtf-backend] [io-8080-exec-10] c.s.config.RequestLoggingFilter          : traceId=4fbc187a-e2f9-4099-b5cf-e5563cf3a9de method=GET path=/api/cbwtf/dashboard/weekly-trend status=200 user=test_cbwtf durationMs=84
2026-01-09T23:45:52.896+05:30  INFO 19824 --- [smart-cbwtf-backend] [nio-8080-exec-8] c.s.config.RequestLoggingFilter          : traceId=a9bb4c7e-555f-420c-af49-50040c8caaf0 method=GET path=/api/cbwtf/dashboard status=200 user=test_cbwtf durationMs=74
2026-01-09T23:46:52.921+05:30 DEBUG 19824 --- [smart-cbwtf-backend] [io-8080-exec-10] c.s.service.CBWTFDashboardService        : Building dashboard metrics for facility a1b2c3d4-e5f6-7890-abcd-ef1234567890
2026-01-09T23:46:52.927+05:30  INFO 19824 --- [smart-cbwtf-backend] [nio-8080-exec-6] c.s.config.RequestLoggingFilter          : traceId=4e258f5c-2130-48c5-83d8-e60e0198163d method=GET path=/api/cbwtf/dashboard/trend-comparison status=200 user=test_cbwtf durationMs=51
2026-01-09T23:46:52.934+05:30  INFO 19824 --- [smart-cbwtf-backend] [nio-8080-exec-9] c.s.config.RequestLoggingFilter          : traceId=12b3db6c-6dac-402c-849d-9c2db204ad56 method=GET path=/api/cbwtf/dashboard/category-breakdown status=200 user=test_cbwtf durationMs=58
2026-01-09T23:46:52.962+05:30  INFO 19824 --- [smart-cbwtf-backend] [io-8080-exec-10] c.s.config.RequestLoggingFilter          : traceId=f7d5bf1b-e29d-4b27-8453-0a12f1abc5fe method=GET path=/api/cbwtf/dashboard status=200 user=test_cbwtf durationMs=59
2026-01-09T23:46:52.962+05:30  INFO 19824 --- [smart-cbwtf-backend] [nio-8080-exec-4] c.s.config.RequestLoggingFilter          : traceId=12dd3773-d824-413d-b80b-2051d7dc0928 method=GET path=/api/cbwtf/dashboard/weekly-trend status=200 user=test_cbwtf durationMs=70
2026-01-09T23:47:04.117+05:30  INFO 19824 --- [smart-cbwtf-backend] [ionShutdownHook] j.LocalContainerEntityManagerFactoryBean : Closing JPA EntityManagerFactory for persistence unit 'default'
2026-01-09T23:47:04.136+05:30  INFO 19824 --- [smart-cbwtf-backend] [ionShutdownHook] com.zaxxer.hikari.HikariDataSource       : HikariPool-1 - Shutdown initiated...
2026-01-09T23:47:04.142+05:30  INFO 19824 --- [smart-cbwtf-backend] [ionShutdownHook] com.zaxxer.hikari.HikariDataSource       : HikariPool-1 - Shutdown completed.
