[INFO] Scanning for projects...
[WARNING] 
[WARNING] Some problems were encountered while building the effective model for com.smartcbwtf:backend:jar:0.0.1-SNAPSHOT
[WARNING] 'build.plugins.plugin.version' for org.springframework.boot:spring-boot-maven-plugin is missing. @ line 131, column 21
[WARNING] 
[WARNING] It is highly recommended to fix these problems because they threaten the stability of your build.
[WARNING] 
[WARNING] For this reason, future Maven versions might no longer support building such malformed projects.
[WARNING] 
[INFO] 
[INFO] -----------------------< com.smartcbwtf:backend >-----------------------
[INFO] Building smart-cbwtf-backend 0.0.1-SNAPSHOT
[INFO]   from pom.xml
[INFO] --------------------------------[ jar ]---------------------------------
[INFO] 
[INFO] >>> spring-boot:4.0.1:run (default-cli) > test-compile @ backend >>>
[INFO] 
[INFO] --- resources:3.3.1:resources (default-resources) @ backend ---
[WARNING] Using platform encoding (UTF-8 actually) to copy filtered resources, i.e. build is platform dependent!
[INFO] Copying 59 resources from src/main/resources to target/classes
[INFO] 
[INFO] --- compiler:3.11.0:compile (default-compile) @ backend ---
[INFO] Nothing to compile - all classes are up to date
[INFO] 
[INFO] --- resources:3.3.1:testResources (default-testResources) @ backend ---
[WARNING] Using platform encoding (UTF-8 actually) to copy filtered resources, i.e. build is platform dependent!
[INFO] Copying 1 resource from src/test/resources to target/test-classes
[INFO] 
[INFO] --- compiler:3.11.0:testCompile (default-testCompile) @ backend ---
[INFO] Nothing to compile - all classes are up to date
[INFO] 
[INFO] <<< spring-boot:4.0.1:run (default-cli) < test-compile @ backend <<<
[INFO] 
[INFO] 
[INFO] --- spring-boot:4.0.1:run (default-cli) @ backend ---
[INFO] Attaching agents: []
Standard Commons Logging discovery in action with spring-jcl: please remove commons-logging.jar from classpath in order to avoid potential conflicts

  .   ____          _            __ _ _
 /\\ / ___'_ __ _ _(_)_ __  __ _ \ \ \ \
( ( )\___ | '_ | '_| | '_ \/ _` | \ \ \ \
 \\/  ___)| |_)| | | | | || (_| |  ) ) ) )
  '  |____| .__|_| |_|_| |_\__, | / / / /
 =========|_|==============|___/=/_/_/_/
 :: Spring Boot ::                (v3.2.5)

2026-01-09T23:26:30.932+05:30  INFO 17786 --- [smart-cbwtf-backend] [           main] com.smartcbwtf.Application               : Starting Application using Java 25.0.1 with PID 17786 (/Users/anshveerturna/Documents/SmartCBWTF/backend/target/classes started by anshveerturna in /Users/anshveerturna/Documents/SmartCBWTF/backend)
2026-01-09T23:26:30.933+05:30 DEBUG 17786 --- [smart-cbwtf-backend] [           main] com.smartcbwtf.Application               : Running with Spring Boot v3.2.5, Spring v6.1.6
2026-01-09T23:26:30.934+05:30  INFO 17786 --- [smart-cbwtf-backend] [           main] com.smartcbwtf.Application               : No active profile set, falling back to 1 default profile: "default"
2026-01-09T23:26:31.526+05:30  INFO 17786 --- [smart-cbwtf-backend] [           main] .s.d.r.c.RepositoryConfigurationDelegate : Bootstrapping Spring Data JPA repositories in DEFAULT mode.
2026-01-09T23:26:31.643+05:30  INFO 17786 --- [smart-cbwtf-backend] [           main] .s.d.r.c.RepositoryConfigurationDelegate : Finished Spring Data repository scanning in 112 ms. Found 67 JPA repository interfaces.
WARNING: A restricted method in java.lang.System has been called
WARNING: java.lang.System::load has been called by org.apache.tomcat.jni.Library in an unnamed module (file:/Users/anshveerturna/.m2/repository/org/apache/tomcat/embed/tomcat-embed-core/10.1.20/tomcat-embed-core-10.1.20.jar)
WARNING: Use --enable-native-access=ALL-UNNAMED to avoid a warning for callers in this module
WARNING: Restricted methods will be blocked in a future release unless native access is enabled

2026-01-09T23:26:32.141+05:30  INFO 17786 --- [smart-cbwtf-backend] [           main] o.s.b.w.embedded.tomcat.TomcatWebServer  : Tomcat initialized with port 8080 (http)
2026-01-09T23:26:32.148+05:30  INFO 17786 --- [smart-cbwtf-backend] [           main] o.apache.catalina.core.StandardService   : Starting service [Tomcat]
2026-01-09T23:26:32.148+05:30  INFO 17786 --- [smart-cbwtf-backend] [           main] o.apache.catalina.core.StandardEngine    : Starting Servlet engine: [Apache Tomcat/10.1.20]
2026-01-09T23:26:32.180+05:30  INFO 17786 --- [smart-cbwtf-backend] [           main] o.a.c.c.C.[Tomcat].[localhost].[/]       : Initializing Spring embedded WebApplicationContext
2026-01-09T23:26:32.180+05:30  INFO 17786 --- [smart-cbwtf-backend] [           main] w.s.c.ServletWebServerApplicationContext : Root WebApplicationContext: initialization completed in 1224 ms
Standard Commons Logging discovery in action with spring-jcl: please remove commons-logging.jar from classpath in order to avoid potential conflicts
2026-01-09T23:26:32.339+05:30  INFO 17786 --- [smart-cbwtf-backend] [           main] com.zaxxer.hikari.HikariDataSource       : HikariPool-1 - Starting...
2026-01-09T23:26:32.546+05:30  INFO 17786 --- [smart-cbwtf-backend] [           main] com.zaxxer.hikari.pool.HikariPool        : HikariPool-1 - Added connection org.postgresql.jdbc.PgConnection@702f4124
2026-01-09T23:26:32.547+05:30  INFO 17786 --- [smart-cbwtf-backend] [           main] com.zaxxer.hikari.HikariDataSource       : HikariPool-1 - Start completed.
2026-01-09T23:26:32.592+05:30  INFO 17786 --- [smart-cbwtf-backend] [           main] o.f.c.internal.license.VersionPrinter    : Flyway Community Edition 9.22.3 by Redgate
2026-01-09T23:26:32.592+05:30  INFO 17786 --- [smart-cbwtf-backend] [           main] o.f.c.internal.license.VersionPrinter    : See release notes here: https://rd.gt/416ObMi
2026-01-09T23:26:32.592+05:30  INFO 17786 --- [smart-cbwtf-backend] [           main] o.f.c.internal.license.VersionPrinter    : 
2026-01-09T23:26:32.600+05:30  INFO 17786 --- [smart-cbwtf-backend] [           main] org.flywaydb.core.FlywayExecutor         : Database: jdbc:postgresql://localhost:5432/smart_cbwtf (PostgreSQL 14.20)
2026-01-09T23:26:32.671+05:30  INFO 17786 --- [smart-cbwtf-backend] [           main] o.f.core.internal.command.DbMigrate      : Current version of schema "public": 58
2026-01-09T23:26:32.674+05:30  INFO 17786 --- [smart-cbwtf-backend] [           main] o.f.core.internal.command.DbMigrate      : Schema "public" is up to date. No migration necessary.
2026-01-09T23:26:32.768+05:30  INFO 17786 --- [smart-cbwtf-backend] [           main] o.hibernate.jpa.internal.util.LogHelper  : HHH000204: Processing PersistenceUnitInfo [name: default]
2026-01-09T23:26:32.803+05:30  INFO 17786 --- [smart-cbwtf-backend] [           main] org.hibernate.Version                    : HHH000412: Hibernate ORM core version 6.4.4.Final
2026-01-09T23:26:32.819+05:30  INFO 17786 --- [smart-cbwtf-backend] [           main] o.h.c.internal.RegionFactoryInitiator    : HHH000026: Second-level cache disabled
2026-01-09T23:26:32.998+05:30  INFO 17786 --- [smart-cbwtf-backend] [           main] o.s.o.j.p.SpringPersistenceUnitInfo      : No LoadTimeWeaver setup: ignoring JPA class transformer
2026-01-09T23:26:34.812+05:30  INFO 17786 --- [smart-cbwtf-backend] [           main] o.h.e.t.j.p.i.JtaPlatformInitiator       : HHH000489: No JTA platform available (set 'hibernate.transaction.jta.platform' to enable JTA platform integration)
2026-01-09T23:26:35.107+05:30  INFO 17786 --- [smart-cbwtf-backend] [           main] j.LocalContainerEntityManagerFactoryBean : Initialized JPA EntityManagerFactory for persistence unit 'default'
2026-01-09T23:26:36.836+05:30  INFO 17786 --- [smart-cbwtf-backend] [           main] o.s.d.j.r.query.QueryEnhancerFactory     : Hibernate is in classpath; If applicable, HQL parser will be used.
2026-01-09T23:26:39.127+05:30 DEBUG 17786 --- [smart-cbwtf-backend] [           main] c.s.config.RequestLoggingFilter          : Filter 'requestLoggingFilter' configured for use
2026-01-09T23:26:39.127+05:30 DEBUG 17786 --- [smart-cbwtf-backend] [           main] c.s.config.SubscriptionGuardFilter       : Filter 'subscriptionGuardFilter' configured for use
2026-01-09T23:26:39.127+05:30 DEBUG 17786 --- [smart-cbwtf-backend] [           main] com.smartcbwtf.config.JwtAuthFilter      : Filter 'jwtAuthFilter' configured for use
2026-01-09T23:26:39.127+05:30 DEBUG 17786 --- [smart-cbwtf-backend] [           main] c.smartcbwtf.config.SystemConfigFilter   : Filter 'systemConfigFilter' configured for use
2026-01-09T23:26:40.359+05:30  INFO 17786 --- [smart-cbwtf-backend] [           main] c.s.service.ConsumableImageService       : Consumable image storage initialized at: /Users/anshveerturna/Documents/SmartCBWTF/backend/uploads/consumables
2026-01-09T23:26:40.834+05:30  INFO 17786 --- [smart-cbwtf-backend] [           main] c.s.service.GpsIngestionService          : Registered GPS adapter: GENERIC
2026-01-09T23:26:40.834+05:30  INFO 17786 --- [smart-cbwtf-backend] [           main] c.s.service.GpsIngestionService          : Registered GPS adapter: WHEELSEYE
2026-01-09T23:27:01.058+05:30  INFO 17786 --- [smart-cbwtf-backend] [           main] o.s.b.a.e.web.EndpointLinksResolver      : Exposing 1 endpoint(s) beneath base path '/actuator'
2026-01-09T23:27:01.124+05:30  INFO 17786 --- [smart-cbwtf-backend] [           main] o.s.s.web.DefaultSecurityFilterChain     : Will secure any request with [org.springframework.security.web.session.DisableEncodeUrlFilter@17cc0405, org.springframework.security.web.context.request.async.WebAsyncManagerIntegrationFilter@6dd17f15, org.springframework.security.web.context.SecurityContextHolderFilter@2279f0e1, org.springframework.security.web.header.HeaderWriterFilter@633d254f, org.springframework.web.filter.CorsFilter@4b069a72, org.springframework.security.web.authentication.logout.LogoutFilter@26a2471f, com.smartcbwtf.config.RequestLoggingFilter@458e82d4, com.smartcbwtf.config.JwtAuthFilter@6f8c22b2, org.springframework.security.web.savedrequest.RequestCacheAwareFilter@241b26c, org.springframework.security.web.servletapi.SecurityContextHolderAwareRequestFilter@44740404, org.springframework.security.web.authentication.AnonymousAuthenticationFilter@64760b8a, org.springframework.security.web.session.SessionManagementFilter@681f1774, org.springframework.security.web.access.ExceptionTranslationFilter@5474d672, org.springframework.security.web.access.intercept.AuthorizationFilter@d078b7d]
2026-01-09T23:27:02.673+05:30  INFO 17786 --- [smart-cbwtf-backend] [           main] o.s.b.w.embedded.tomcat.TomcatWebServer  : Tomcat started on port 8080 (http) with context path ''
2026-01-09T23:27:02.690+05:30  INFO 17786 --- [smart-cbwtf-backend] [           main] com.smartcbwtf.Application               : Started Application in 31.946 seconds (process running for 32.118)
2026-01-09T23:27:02.768+05:30  INFO 17786 --- [smart-cbwtf-backend] [           main] c.s.config.VehicleGpsDataSeeder          : ============================================================
2026-01-09T23:27:02.768+05:30  INFO 17786 --- [smart-cbwtf-backend] [           main] c.s.config.VehicleGpsDataSeeder          : VEHICLE GPS DATA SEEDER - Starting
2026-01-09T23:27:02.768+05:30  INFO 17786 --- [smart-cbwtf-backend] [           main] c.s.config.VehicleGpsDataSeeder          : ============================================================
2026-01-09T23:27:02.895+05:30  INFO 17786 --- [smart-cbwtf-backend] [           main] c.s.config.VehicleGpsDataSeeder          : ✅ Resolved facility: Test CBWTF Facility. (ID: a1b2c3d4-e5f6-7890-abcd-ef1234567890)
2026-01-09T23:27:02.910+05:30  INFO 17786 --- [smart-cbwtf-backend] [           main] c.s.config.VehicleGpsDataSeeder          : ⏭️ GPS data already seeded (2 ingestion logs found). Skipping.
2026-01-09T23:27:02.916+05:30  INFO 17786 --- [smart-cbwtf-backend] [           main] c.smartcbwtf.config.AnalyticsDataSeeder  : ============================================================
2026-01-09T23:27:02.916+05:30  INFO 17786 --- [smart-cbwtf-backend] [           main] c.smartcbwtf.config.AnalyticsDataSeeder  : ANALYTICS DATA SEEDER - Starting
2026-01-09T23:27:02.916+05:30  INFO 17786 --- [smart-cbwtf-backend] [           main] c.smartcbwtf.config.AnalyticsDataSeeder  : ============================================================
2026-01-09T23:27:02.919+05:30  INFO 17786 --- [smart-cbwtf-backend] [           main] c.smartcbwtf.config.AnalyticsDataSeeder  : ✅ Resolved facility: Test CBWTF Facility. (ID: a1b2c3d4-e5f6-7890-abcd-ef1234567890)
2026-01-09T23:27:02.931+05:30  INFO 17786 --- [smart-cbwtf-backend] [           main] c.smartcbwtf.config.AnalyticsDataSeeder  : ⏭️ Analytics data already seeded (5 HCFs found). Skipping.
2026-01-09T23:27:49.141+05:30  INFO 17786 --- [smart-cbwtf-backend] [nio-8080-exec-1] o.a.c.c.C.[Tomcat].[localhost].[/]       : Initializing Spring DispatcherServlet 'dispatcherServlet'
2026-01-09T23:27:49.144+05:30  INFO 17786 --- [smart-cbwtf-backend] [nio-8080-exec-1] o.s.web.servlet.DispatcherServlet        : Initializing Servlet 'dispatcherServlet'
2026-01-09T23:27:49.153+05:30  INFO 17786 --- [smart-cbwtf-backend] [nio-8080-exec-1] o.s.web.servlet.DispatcherServlet        : Completed initialization in 9 ms
2026-01-09T23:27:49.374+05:30 DEBUG 17786 --- [smart-cbwtf-backend] [nio-8080-exec-1] c.s.service.CBWTFDashboardService        : Building dashboard metrics for facility a1b2c3d4-e5f6-7890-abcd-ef1234567890
2026-01-09T23:27:49.402+05:30  INFO 17786 --- [smart-cbwtf-backend] [nio-8080-exec-3] c.s.config.RequestLoggingFilter          : traceId=e8bf7052-fd95-4191-86a4-a3ffa6c81dee method=GET path=/api/cbwtf/dashboard/trend-comparison status=200 user=test_cbwtf durationMs=207
2026-01-09T23:27:49.462+05:30  INFO 17786 --- [smart-cbwtf-backend] [nio-8080-exec-4] c.s.config.RequestLoggingFilter          : traceId=126cd27b-a851-4642-ae70-3c2ca1e71f2a method=GET path=/api/cbwtf/dashboard/category-breakdown status=200 user=test_cbwtf durationMs=267
2026-01-09T23:27:49.475+05:30  INFO 17786 --- [smart-cbwtf-backend] [nio-8080-exec-2] c.s.config.RequestLoggingFilter          : traceId=dde23374-046b-412f-8e99-b98eb88d563d method=GET path=/api/cbwtf/dashboard/weekly-trend status=200 user=test_cbwtf durationMs=280
2026-01-09T23:27:49.539+05:30  INFO 17786 --- [smart-cbwtf-backend] [nio-8080-exec-1] c.s.config.RequestLoggingFilter          : traceId=101231c4-315f-4248-9207-155cdafc4d70 method=GET path=/api/cbwtf/dashboard status=200 user=test_cbwtf durationMs=344
2026-01-09T23:28:02.720+05:30  INFO 17786 --- [smart-cbwtf-backend] [   scheduling-1] c.smartcbwtf.service.SystemErrorService  : Running auto-detection for system errors...
2026-01-09T23:28:02.751+05:30 DEBUG 17786 --- [smart-cbwtf-backend] [   scheduling-1] c.smartcbwtf.service.SystemErrorService  : Inactive user check skipped - lastLogin field not available
2026-01-09T23:28:02.764+05:30 DEBUG 17786 --- [smart-cbwtf-backend] [   scheduling-1] c.smartcbwtf.service.SystemErrorService  : HCF activity check: 16 total HCFs
2026-01-09T23:28:02.764+05:30  INFO 17786 --- [smart-cbwtf-backend] [   scheduling-1] c.smartcbwtf.service.SystemErrorService  : Auto-detection completed
2026-01-09T23:28:07.307+05:30  INFO 17786 --- [smart-cbwtf-backend] [nio-8080-exec-9] c.s.config.RequestLoggingFilter          : traceId=312093a4-9fc9-4e55-8c9e-5fb349dd4984 method=GET path=/actuator/health status=200 user=anonymousUser durationMs=76
2026-01-09T23:28:49.540+05:30  INFO 17786 --- [smart-cbwtf-backend] [nio-8080-exec-3] c.s.config.RequestLoggingFilter          : traceId=380ef830-aa56-4fba-8daf-137f31effbe5 method=GET path=/api/cbwtf/dashboard/trend-comparison status=200 user=test_cbwtf durationMs=44
2026-01-09T23:28:49.543+05:30  INFO 17786 --- [smart-cbwtf-backend] [nio-8080-exec-4] c.s.config.RequestLoggingFilter          : traceId=279ff4e4-dc2b-47bf-b1fe-03e26f658966 method=GET path=/api/cbwtf/dashboard/category-breakdown status=200 user=test_cbwtf durationMs=47
2026-01-09T23:28:49.557+05:30 DEBUG 17786 --- [smart-cbwtf-backend] [nio-8080-exec-1] c.s.service.CBWTFDashboardService        : Building dashboard metrics for facility a1b2c3d4-e5f6-7890-abcd-ef1234567890
2026-01-09T23:28:49.576+05:30  INFO 17786 --- [smart-cbwtf-backend] [nio-8080-exec-2] c.s.config.RequestLoggingFilter          : traceId=418fc5e6-0fb9-45fe-833d-b105339a32ff method=GET path=/api/cbwtf/dashboard/weekly-trend status=200 user=test_cbwtf durationMs=80
2026-01-09T23:28:49.591+05:30  INFO 17786 --- [smart-cbwtf-backend] [nio-8080-exec-1] c.s.config.RequestLoggingFilter          : traceId=237460d3-323b-4cf3-a5df-eeb0b399ca63 method=GET path=/api/cbwtf/dashboard status=200 user=test_cbwtf durationMs=45
2026-01-09T23:29:02.705+05:30  INFO 17786 --- [smart-cbwtf-backend] [   scheduling-1] c.smartcbwtf.service.SystemErrorService  : Running auto-resolution check for system errors...
2026-01-09T23:29:02.724+05:30  INFO 17786 --- [smart-cbwtf-backend] [   scheduling-1] c.smartcbwtf.service.SystemErrorService  : Auto-resolution completed: 0 errors resolved
2026-01-09T23:29:43.724+05:30  INFO 17786 --- [smart-cbwtf-backend] [nio-8080-exec-9] c.smartcbwtf.controller.AuthController   : Successful login: test_cbwtf (role: CBWTF_ADMIN)
2026-01-09T23:29:43.727+05:30  INFO 17786 --- [smart-cbwtf-backend] [nio-8080-exec-9] c.s.config.RequestLoggingFilter          : traceId=e2de41cd-09d5-4e22-8697-f8fe84fa021e method=POST path=/api/auth/login status=200 user=anonymousUser durationMs=472
JWT Parse Error: JWT strings must contain exactly 2 period characters. Found: 0
io.jsonwebtoken.MalformedJwtException: JWT strings must contain exactly 2 period characters. Found: 0
	at io.jsonwebtoken.impl.DefaultJwtParser.parse(DefaultJwtParser.java:275)
	at io.jsonwebtoken.impl.DefaultJwtParser.parse(DefaultJwtParser.java:529)
	at io.jsonwebtoken.impl.DefaultJwtParser.parseClaimsJws(DefaultJwtParser.java:589)
	at io.jsonwebtoken.impl.ImmutableJwtParser.parseClaimsJws(ImmutableJwtParser.java:173)
	at com.smartcbwtf.config.JwtService.parseClaims(JwtService.java:57)
	at com.smartcbwtf.config.JwtAuthFilter.doFilterInternal(JwtAuthFilter.java:38)
	at org.springframework.web.filter.OncePerRequestFilter.doFilter(OncePerRequestFilter.java:116)
	at org.springframework.security.web.ObservationFilterChainDecorator$ObservationFilter.wrapFilter(ObservationFilterChainDecorator.java:240)
	at org.springframework.security.web.ObservationFilterChainDecorator$ObservationFilter.doFilter(ObservationFilterChainDecorator.java:227)
	at org.springframework.security.web.ObservationFilterChainDecorator$VirtualFilterChain.doFilter(ObservationFilterChainDecorator.java:137)
	at com.smartcbwtf.config.RequestLoggingFilter.doFilterInternal(RequestLoggingFilter.java:31)
	at org.springframework.web.filter.OncePerRequestFilter.doFilter(OncePerRequestFilter.java:116)
	at org.springframework.security.web.ObservationFilterChainDecorator$ObservationFilter.wrapFilter(ObservationFilterChainDecorator.java:240)
	at org.springframework.security.web.ObservationFilterChainDecorator$ObservationFilter.doFilter(ObservationFilterChainDecorator.java:227)
	at org.springframework.security.web.ObservationFilterChainDecorator$VirtualFilterChain.doFilter(ObservationFilterChainDecorator.java:137)
	at org.springframework.security.web.authentication.logout.LogoutFilter.doFilter(LogoutFilter.java:107)
	at org.springframework.security.web.authentication.logout.LogoutFilter.doFilter(LogoutFilter.java:93)
	at org.springframework.security.web.ObservationFilterChainDecorator$ObservationFilter.wrapFilter(ObservationFilterChainDecorator.java:240)
	at org.springframework.security.web.ObservationFilterChainDecorator$ObservationFilter.doFilter(ObservationFilterChainDecorator.java:227)
	at org.springframework.security.web.ObservationFilterChainDecorator$VirtualFilterChain.doFilter(ObservationFilterChainDecorator.java:137)
	at org.springframework.web.filter.CorsFilter.doFilterInternal(CorsFilter.java:91)
	at org.springframework.web.filter.OncePerRequestFilter.doFilter(OncePerRequestFilter.java:116)
	at org.springframework.security.web.ObservationFilterChainDecorator$ObservationFilter.wrapFilter(ObservationFilterChainDecorator.java:240)
	at org.springframework.security.web.ObservationFilterChainDecorator$ObservationFilter.doFilter(ObservationFilterChainDecorator.java:227)
	at org.springframework.security.web.ObservationFilterChainDecorator$VirtualFilterChain.doFilter(ObservationFilterChainDecorator.java:137)
	at org.springframework.security.web.header.HeaderWriterFilter.doHeadersAfter(HeaderWriterFilter.java:90)
	at org.springframework.security.web.header.HeaderWriterFilter.doFilterInternal(HeaderWriterFilter.java:75)
	at org.springframework.web.filter.OncePerRequestFilter.doFilter(OncePerRequestFilter.java:116)
	at org.springframework.security.web.ObservationFilterChainDecorator$ObservationFilter.wrapFilter(ObservationFilterChainDecorator.java:240)
	at org.springframework.security.web.ObservationFilterChainDecorator$ObservationFilter.doFilter(ObservationFilterChainDecorator.java:227)
	at org.springframework.security.web.ObservationFilterChainDecorator$VirtualFilterChain.doFilter(ObservationFilterChainDecorator.java:137)
	at org.springframework.security.web.context.SecurityContextHolderFilter.doFilter(SecurityContextHolderFilter.java:82)
	at org.springframework.security.web.context.SecurityContextHolderFilter.doFilter(SecurityContextHolderFilter.java:69)
	at org.springframework.security.web.ObservationFilterChainDecorator$ObservationFilter.wrapFilter(ObservationFilterChainDecorator.java:240)
	at org.springframework.security.web.ObservationFilterChainDecorator$ObservationFilter.doFilter(ObservationFilterChainDecorator.java:227)
	at org.springframework.security.web.ObservationFilterChainDecorator$VirtualFilterChain.doFilter(ObservationFilterChainDecorator.java:137)
	at org.springframework.security.web.context.request.async.WebAsyncManagerIntegrationFilter.doFilterInternal(WebAsyncManagerIntegrationFilter.java:62)
	at org.springframework.web.filter.OncePerRequestFilter.doFilter(OncePerRequestFilter.java:116)
	at org.springframework.security.web.ObservationFilterChainDecorator$ObservationFilter.wrapFilter(ObservationFilterChainDecorator.java:240)
	at org.springframework.security.web.ObservationFilterChainDecorator$ObservationFilter.doFilter(ObservationFilterChainDecorator.java:227)
	at org.springframework.security.web.ObservationFilterChainDecorator$VirtualFilterChain.doFilter(ObservationFilterChainDecorator.java:137)
	at org.springframework.security.web.session.DisableEncodeUrlFilter.doFilterInternal(DisableEncodeUrlFilter.java:42)
	at org.springframework.web.filter.OncePerRequestFilter.doFilter(OncePerRequestFilter.java:116)
	at org.springframework.security.web.ObservationFilterChainDecorator$ObservationFilter.wrapFilter(ObservationFilterChainDecorator.java:240)
	at org.springframework.security.web.ObservationFilterChainDecorator$AroundFilterObservation$SimpleAroundFilterObservation.lambda$wrap$0(ObservationFilterChainDecorator.java:323)
	at org.springframework.security.web.ObservationFilterChainDecorator$ObservationFilter.doFilter(ObservationFilterChainDecorator.java:224)
	at org.springframework.security.web.ObservationFilterChainDecorator$VirtualFilterChain.doFilter(ObservationFilterChainDecorator.java:137)
	at org.springframework.security.web.FilterChainProxy.doFilterInternal(FilterChainProxy.java:233)
	at org.springframework.security.web.FilterChainProxy.doFilter(FilterChainProxy.java:191)
	at org.springframework.web.filter.CompositeFilter$VirtualFilterChain.doFilter(CompositeFilter.java:113)
	at org.springframework.web.servlet.handler.HandlerMappingIntrospector.lambda$createCacheFilter$3(HandlerMappingIntrospector.java:195)
	at org.springframework.web.filter.CompositeFilter$VirtualFilterChain.doFilter(CompositeFilter.java:113)
	at org.springframework.web.filter.CompositeFilter.doFilter(CompositeFilter.java:74)
	at org.springframework.security.config.annotation.web.configuration.WebMvcSecurityConfiguration$CompositeFilterChainProxy.doFilter(WebMvcSecurityConfiguration.java:230)
	at org.springframework.web.filter.DelegatingFilterProxy.invokeDelegate(DelegatingFilterProxy.java:352)
	at org.springframework.web.filter.DelegatingFilterProxy.doFilter(DelegatingFilterProxy.java:268)
	at org.apache.catalina.core.ApplicationFilterChain.internalDoFilter(ApplicationFilterChain.java:175)
	at org.apache.catalina.core.ApplicationFilterChain.doFilter(ApplicationFilterChain.java:150)
	at org.springframework.web.filter.RequestContextFilter.doFilterInternal(RequestContextFilter.java:100)
	at org.springframework.web.filter.OncePerRequestFilter.doFilter(OncePerRequestFilter.java:116)
	at org.apache.catalina.core.ApplicationFilterChain.internalDoFilter(ApplicationFilterChain.java:175)
	at org.apache.catalina.core.ApplicationFilterChain.doFilter(ApplicationFilterChain.java:150)
	at org.springframework.web.filter.FormContentFilter.doFilterInternal(FormContentFilter.java:93)
	at org.springframework.web.filter.OncePerRequestFilter.doFilter(OncePerRequestFilter.java:116)
	at org.apache.catalina.core.ApplicationFilterChain.internalDoFilter(ApplicationFilterChain.java:175)
	at org.apache.catalina.core.ApplicationFilterChain.doFilter(ApplicationFilterChain.java:150)
	at org.springframework.web.filter.ServerHttpObservationFilter.doFilterInternal(ServerHttpObservationFilter.java:109)
	at org.springframework.web.filter.OncePerRequestFilter.doFilter(OncePerRequestFilter.java:116)
	at org.apache.catalina.core.ApplicationFilterChain.internalDoFilter(ApplicationFilterChain.java:175)
	at org.apache.catalina.core.ApplicationFilterChain.doFilter(ApplicationFilterChain.java:150)
	at org.springframework.web.filter.CharacterEncodingFilter.doFilterInternal(CharacterEncodingFilter.java:201)
	at org.springframework.web.filter.OncePerRequestFilter.doFilter(OncePerRequestFilter.java:116)
	at org.apache.catalina.core.ApplicationFilterChain.internalDoFilter(ApplicationFilterChain.java:175)
	at org.apache.catalina.core.ApplicationFilterChain.doFilter(ApplicationFilterChain.java:150)
	at org.apache.catalina.core.StandardWrapperValve.invoke(StandardWrapperValve.java:167)
	at org.apache.catalina.core.StandardContextValve.invoke(StandardContextValve.java:90)
	at org.apache.catalina.authenticator.AuthenticatorBase.invoke(AuthenticatorBase.java:482)
	at org.apache.catalina.core.StandardHostValve.invoke(StandardHostValve.java:115)
	at org.apache.catalina.valves.ErrorReportValve.invoke(ErrorReportValve.java:93)
	at org.apache.catalina.core.StandardEngineValve.invoke(StandardEngineValve.java:74)
	at org.apache.catalina.connector.CoyoteAdapter.service(CoyoteAdapter.java:344)
	at org.apache.coyote.http11.Http11Processor.service(Http11Processor.java:391)
	at org.apache.coyote.AbstractProcessorLight.process(AbstractProcessorLight.java:63)
	at org.apache.coyote.AbstractProtocol$ConnectionHandler.process(AbstractProtocol.java:896)
	at org.apache.tomcat.util.net.NioEndpoint$SocketProcessor.doRun(NioEndpoint.java:1736)
	at org.apache.tomcat.util.net.SocketProcessorBase.run(SocketProcessorBase.java:52)
	at org.apache.tomcat.util.threads.ThreadPoolExecutor.runWorker(ThreadPoolExecutor.java:1191)
	at org.apache.tomcat.util.threads.ThreadPoolExecutor$Worker.run(ThreadPoolExecutor.java:659)
	at org.apache.tomcat.util.threads.TaskThread$WrappingRunnable.run(TaskThread.java:63)
	at java.base/java.lang.Thread.run(Thread.java:1474)
2026-01-09T23:29:43.751+05:30  INFO 17786 --- [smart-cbwtf-backend] [nio-8080-exec-3] c.s.config.RequestLoggingFilter          : traceId=20e8ba13-fd26-42e4-9820-7d0d2cf518ce method=GET path=/api/cbwtf/hcfs/6156ec55-bd0b-4982-85b2-f0595dfc4e7d/portal-admin status=403 user=anonymous durationMs=7
2026-01-09T23:29:49.629+05:30 DEBUG 17786 --- [smart-cbwtf-backend] [nio-8080-exec-7] c.s.service.CBWTFDashboardService        : Building dashboard metrics for facility a1b2c3d4-e5f6-7890-abcd-ef1234567890
2026-01-09T23:29:49.637+05:30  INFO 17786 --- [smart-cbwtf-backend] [nio-8080-exec-2] c.s.config.RequestLoggingFilter          : traceId=a2ca808b-bf87-4e10-802f-83d3da021488 method=GET path=/api/cbwtf/dashboard/trend-comparison status=200 user=test_cbwtf durationMs=38
2026-01-09T23:29:49.639+05:30  INFO 17786 --- [smart-cbwtf-backend] [nio-8080-exec-1] c.s.config.RequestLoggingFilter          : traceId=4f4abb61-806d-499b-b38d-cf28f91b99b5 method=GET path=/api/cbwtf/dashboard/category-breakdown status=200 user=test_cbwtf durationMs=40
2026-01-09T23:29:49.672+05:30  INFO 17786 --- [smart-cbwtf-backend] [nio-8080-exec-5] c.s.config.RequestLoggingFilter          : traceId=f586948f-c036-4864-a6b5-4d041fadbb4c method=GET path=/api/cbwtf/dashboard/weekly-trend status=200 user=test_cbwtf durationMs=73
2026-01-09T23:29:49.706+05:30  INFO 17786 --- [smart-cbwtf-backend] [nio-8080-exec-7] c.s.config.RequestLoggingFilter          : traceId=cfbf90a9-f930-446d-aae7-a51eb303ffb7 method=GET path=/api/cbwtf/dashboard status=200 user=test_cbwtf durationMs=107
2026-01-09T23:30:49.751+05:30 DEBUG 17786 --- [smart-cbwtf-backend] [nio-8080-exec-1] c.s.service.CBWTFDashboardService        : Building dashboard metrics for facility a1b2c3d4-e5f6-7890-abcd-ef1234567890
2026-01-09T23:30:49.761+05:30  INFO 17786 --- [smart-cbwtf-backend] [nio-8080-exec-3] c.s.config.RequestLoggingFilter          : traceId=a8d3bfde-3c3c-4f26-bd6d-749f0f420da6 method=GET path=/api/cbwtf/dashboard/trend-comparison status=200 user=test_cbwtf durationMs=55
2026-01-09T23:30:49.763+05:30  INFO 17786 --- [smart-cbwtf-backend] [nio-8080-exec-4] c.s.config.RequestLoggingFilter          : traceId=6fb1bcf6-158b-4038-9f1e-e8b470490d53 method=GET path=/api/cbwtf/dashboard/category-breakdown status=200 user=test_cbwtf durationMs=57
2026-01-09T23:30:49.798+05:30  INFO 17786 --- [smart-cbwtf-backend] [nio-8080-exec-2] c.s.config.RequestLoggingFilter          : traceId=666a42cc-4e10-49a3-b667-3752d2f9ff99 method=GET path=/api/cbwtf/dashboard/weekly-trend status=200 user=test_cbwtf durationMs=92
2026-01-09T23:30:49.829+05:30  INFO 17786 --- [smart-cbwtf-backend] [nio-8080-exec-1] c.s.config.RequestLoggingFilter          : traceId=069a7aaa-aacd-438d-8b15-5d02aa50c939 method=GET path=/api/cbwtf/dashboard status=200 user=test_cbwtf durationMs=118
2026-01-09T23:31:49.924+05:30 DEBUG 17786 --- [smart-cbwtf-backend] [nio-8080-exec-4] c.s.service.CBWTFDashboardService        : Building dashboard metrics for facility a1b2c3d4-e5f6-7890-abcd-ef1234567890
2026-01-09T23:31:49.937+05:30  INFO 17786 --- [smart-cbwtf-backend] [nio-8080-exec-9] c.s.config.RequestLoggingFilter          : traceId=d6b9429e-ef04-4076-aa90-9c9c3ec7d146 method=GET path=/api/cbwtf/dashboard/category-breakdown status=200 user=test_cbwtf durationMs=65
2026-01-09T23:31:49.937+05:30  INFO 17786 --- [smart-cbwtf-backend] [nio-8080-exec-8] c.s.config.RequestLoggingFilter          : traceId=791cc2d7-4a95-482e-b415-3800f6c89fbb method=GET path=/api/cbwtf/dashboard/trend-comparison status=200 user=test_cbwtf durationMs=65
2026-01-09T23:31:49.967+05:30  INFO 17786 --- [smart-cbwtf-backend] [nio-8080-exec-3] c.s.config.RequestLoggingFilter          : traceId=2887ad55-ed3f-4835-9c2b-088229afd441 method=GET path=/api/cbwtf/dashboard/weekly-trend status=200 user=test_cbwtf durationMs=94
2026-01-09T23:31:50.036+05:30  INFO 17786 --- [smart-cbwtf-backend] [nio-8080-exec-4] c.s.config.RequestLoggingFilter          : traceId=43b46e76-8927-4003-86a2-1486218652cc method=GET path=/api/cbwtf/dashboard status=200 user=test_cbwtf durationMs=164
2026-01-09T23:32:50.106+05:30 DEBUG 17786 --- [smart-cbwtf-backend] [nio-8080-exec-8] c.s.service.CBWTFDashboardService        : Building dashboard metrics for facility a1b2c3d4-e5f6-7890-abcd-ef1234567890
2026-01-09T23:32:50.134+05:30  INFO 17786 --- [smart-cbwtf-backend] [nio-8080-exec-5] c.s.config.RequestLoggingFilter          : traceId=ce79756f-d5ca-4024-866b-36fa8ddee622 method=GET path=/api/cbwtf/dashboard/trend-comparison status=200 user=test_cbwtf durationMs=73
2026-01-09T23:32:50.135+05:30  INFO 17786 --- [smart-cbwtf-backend] [io-8080-exec-10] c.s.config.RequestLoggingFilter          : traceId=ddf9afa8-0d79-4448-95d4-ebe9222f1dc9 method=GET path=/api/cbwtf/dashboard/category-breakdown status=200 user=test_cbwtf durationMs=74
2026-01-09T23:32:50.169+05:30  INFO 17786 --- [smart-cbwtf-backend] [nio-8080-exec-9] c.s.config.RequestLoggingFilter          : traceId=5903d802-77c5-42ee-8130-fba83d68b056 method=GET path=/api/cbwtf/dashboard/weekly-trend status=200 user=test_cbwtf durationMs=108
2026-01-09T23:32:50.213+05:30  INFO 17786 --- [smart-cbwtf-backend] [nio-8080-exec-8] c.s.config.RequestLoggingFilter          : traceId=9f41297f-610d-48fc-a765-f0c093e30ac0 method=GET path=/api/cbwtf/dashboard status=200 user=test_cbwtf durationMs=152
2026-01-09T23:33:50.216+05:30  INFO 17786 --- [smart-cbwtf-backend] [nio-8080-exec-7] c.s.config.RequestLoggingFilter          : traceId=fe9d87b3-321c-4a4f-9b5b-d959dde78c38 method=GET path=/api/cbwtf/dashboard/trend-comparison status=200 user=test_cbwtf durationMs=30
2026-01-09T23:33:50.221+05:30  INFO 17786 --- [smart-cbwtf-backend] [nio-8080-exec-2] c.s.config.RequestLoggingFilter          : traceId=79bad71b-ea29-4743-bf5e-774302882c3f method=GET path=/api/cbwtf/dashboard/category-breakdown status=200 user=test_cbwtf durationMs=35
2026-01-09T23:33:50.229+05:30 DEBUG 17786 --- [smart-cbwtf-backend] [io-8080-exec-10] c.s.service.CBWTFDashboardService        : Building dashboard metrics for facility a1b2c3d4-e5f6-7890-abcd-ef1234567890
2026-01-09T23:33:50.261+05:30  INFO 17786 --- [smart-cbwtf-backend] [nio-8080-exec-5] c.s.config.RequestLoggingFilter          : traceId=adb8640f-485c-4d9f-9957-19d5753d7654 method=GET path=/api/cbwtf/dashboard/weekly-trend status=200 user=test_cbwtf durationMs=75
2026-01-09T23:33:50.262+05:30  INFO 17786 --- [smart-cbwtf-backend] [io-8080-exec-10] c.s.config.RequestLoggingFilter          : traceId=d1025fa9-b168-417e-94de-b0e5211dccc0 method=GET path=/api/cbwtf/dashboard status=200 user=test_cbwtf durationMs=42
2026-01-09T23:34:02.683+05:30  INFO 17786 --- [smart-cbwtf-backend] [   scheduling-1] c.smartcbwtf.service.SystemErrorService  : Running auto-resolution check for system errors...
2026-01-09T23:34:02.687+05:30  INFO 17786 --- [smart-cbwtf-backend] [   scheduling-1] c.smartcbwtf.service.SystemErrorService  : Auto-resolution completed: 0 errors resolved
2026-01-09T23:34:50.329+05:30 DEBUG 17786 --- [smart-cbwtf-backend] [nio-8080-exec-2] c.s.service.CBWTFDashboardService        : Building dashboard metrics for facility a1b2c3d4-e5f6-7890-abcd-ef1234567890
2026-01-09T23:34:50.337+05:30  INFO 17786 --- [smart-cbwtf-backend] [nio-8080-exec-4] c.s.config.RequestLoggingFilter          : traceId=81bb549b-20fa-40c8-aaaf-0134e8b26a0f method=GET path=/api/cbwtf/dashboard/trend-comparison status=200 user=test_cbwtf durationMs=34
2026-01-09T23:34:50.338+05:30  INFO 17786 --- [smart-cbwtf-backend] [nio-8080-exec-1] c.s.config.RequestLoggingFilter          : traceId=19450fed-86c8-4a62-a0e7-3e1edaecfb53 method=GET path=/api/cbwtf/dashboard/category-breakdown status=200 user=test_cbwtf durationMs=35
2026-01-09T23:34:50.362+05:30  INFO 17786 --- [smart-cbwtf-backend] [nio-8080-exec-7] c.s.config.RequestLoggingFilter          : traceId=be8850fd-4bd7-410a-8a36-203148c159c5 method=GET path=/api/cbwtf/dashboard/weekly-trend status=200 user=test_cbwtf durationMs=59
2026-01-09T23:34:50.364+05:30  INFO 17786 --- [smart-cbwtf-backend] [nio-8080-exec-2] c.s.config.RequestLoggingFilter          : traceId=9df5d97f-2ae7-4e23-957c-4757ecf66267 method=GET path=/api/cbwtf/dashboard status=200 user=test_cbwtf durationMs=61
2026-01-09T23:35:50.519+05:30 DEBUG 17786 --- [smart-cbwtf-backend] [nio-8080-exec-9] c.s.service.CBWTFDashboardService        : Building dashboard metrics for facility a1b2c3d4-e5f6-7890-abcd-ef1234567890
2026-01-09T23:35:50.535+05:30  INFO 17786 --- [smart-cbwtf-backend] [nio-8080-exec-3] c.s.config.RequestLoggingFilter          : traceId=d86a2fa8-cd87-41cf-a597-3a76925c989f method=GET path=/api/cbwtf/dashboard/trend-comparison status=200 user=test_cbwtf durationMs=75
2026-01-09T23:35:50.536+05:30  INFO 17786 --- [smart-cbwtf-backend] [nio-8080-exec-1] c.s.config.RequestLoggingFilter          : traceId=4fbb1a5d-1e90-402c-86d3-2c2d14fd8cf2 method=GET path=/api/cbwtf/dashboard/category-breakdown status=200 user=test_cbwtf durationMs=76
2026-01-09T23:35:50.562+05:30  INFO 17786 --- [smart-cbwtf-backend] [nio-8080-exec-4] c.s.config.RequestLoggingFilter          : traceId=6c5d6c26-1d41-451b-b70f-30429c99f8d9 method=GET path=/api/cbwtf/dashboard/weekly-trend status=200 user=test_cbwtf durationMs=102
2026-01-09T23:35:50.609+05:30  INFO 17786 --- [smart-cbwtf-backend] [nio-8080-exec-9] c.s.config.RequestLoggingFilter          : traceId=4e2bb7dc-c1f3-45f7-8513-60093253a75b method=GET path=/api/cbwtf/dashboard status=200 user=test_cbwtf durationMs=149
2026-01-09T23:36:50.575+05:30  INFO 17786 --- [smart-cbwtf-backend] [nio-8080-exec-5] c.s.config.RequestLoggingFilter          : traceId=debd9377-7bf9-4e6b-ba07-d5dbcbedc451 method=GET path=/api/cbwtf/dashboard/trend-comparison status=200 user=test_cbwtf durationMs=19
2026-01-09T23:36:50.580+05:30  INFO 17786 --- [smart-cbwtf-backend] [nio-8080-exec-6] c.s.config.RequestLoggingFilter          : traceId=87ec5e5a-a646-4a97-b017-8c6604cfcd76 method=GET path=/api/cbwtf/dashboard/category-breakdown status=200 user=test_cbwtf durationMs=24
2026-01-09T23:36:50.614+05:30  INFO 17786 --- [smart-cbwtf-backend] [nio-8080-exec-3] c.s.config.RequestLoggingFilter          : traceId=dbc42787-3f19-45a1-86b6-689d46ef5b03 method=GET path=/api/cbwtf/dashboard/weekly-trend status=200 user=test_cbwtf durationMs=45
2026-01-09T23:36:50.623+05:30 DEBUG 17786 --- [smart-cbwtf-backend] [nio-8080-exec-1] c.s.service.CBWTFDashboardService        : Building dashboard metrics for facility a1b2c3d4-e5f6-7890-abcd-ef1234567890
2026-01-09T23:36:50.651+05:30  INFO 17786 --- [smart-cbwtf-backend] [nio-8080-exec-1] c.s.config.RequestLoggingFilter          : traceId=e8b08c38-e536-4bc5-9996-9bfe1b0e452b method=GET path=/api/cbwtf/dashboard status=200 user=test_cbwtf durationMs=34
2026-01-09T23:37:50.656+05:30  INFO 17786 --- [smart-cbwtf-backend] [nio-8080-exec-4] c.s.config.RequestLoggingFilter          : traceId=8133226b-8aed-46df-9712-9041998d12b2 method=GET path=/api/cbwtf/dashboard/trend-comparison status=200 user=test_cbwtf durationMs=46
2026-01-09T23:37:50.656+05:30  INFO 17786 --- [smart-cbwtf-backend] [nio-8080-exec-9] c.s.config.RequestLoggingFilter          : traceId=7adcf783-ec7d-4f38-93c8-a968594c90e2 method=GET path=/api/cbwtf/dashboard/category-breakdown status=200 user=test_cbwtf durationMs=46
2026-01-09T23:37:50.668+05:30 DEBUG 17786 --- [smart-cbwtf-backend] [nio-8080-exec-2] c.s.service.CBWTFDashboardService        : Building dashboard metrics for facility a1b2c3d4-e5f6-7890-abcd-ef1234567890
2026-01-09T23:37:50.685+05:30  INFO 17786 --- [smart-cbwtf-backend] [nio-8080-exec-7] c.s.config.RequestLoggingFilter          : traceId=b82905b7-2f72-4c41-898e-d9ab948106c7 method=GET path=/api/cbwtf/dashboard/weekly-trend status=200 user=test_cbwtf durationMs=63
2026-01-09T23:37:50.694+05:30  INFO 17786 --- [smart-cbwtf-backend] [nio-8080-exec-2] c.s.config.RequestLoggingFilter          : traceId=621a29f9-aafc-4010-ba20-ca070b0ed50d method=GET path=/api/cbwtf/dashboard status=200 user=test_cbwtf durationMs=30
2026-01-09T23:38:50.736+05:30 DEBUG 17786 --- [smart-cbwtf-backend] [nio-8080-exec-3] c.s.service.CBWTFDashboardService        : Building dashboard metrics for facility a1b2c3d4-e5f6-7890-abcd-ef1234567890
2026-01-09T23:38:50.746+05:30  INFO 17786 --- [smart-cbwtf-backend] [nio-8080-exec-5] c.s.config.RequestLoggingFilter          : traceId=7b9a6974-601b-429b-ba0c-01aa6d34e1f7 method=GET path=/api/cbwtf/dashboard/trend-comparison status=200 user=test_cbwtf durationMs=51
2026-01-09T23:38:50.750+05:30  INFO 17786 --- [smart-cbwtf-backend] [io-8080-exec-10] c.s.config.RequestLoggingFilter          : traceId=78f6fcf3-d04d-4d85-9f7d-69d03d0ed06e method=GET path=/api/cbwtf/dashboard/category-breakdown status=200 user=test_cbwtf durationMs=55
2026-01-09T23:38:50.777+05:30  INFO 17786 --- [smart-cbwtf-backend] [nio-8080-exec-3] c.s.config.RequestLoggingFilter          : traceId=5a41f02b-8255-4b6f-a451-871c41661e8b method=GET path=/api/cbwtf/dashboard status=200 user=test_cbwtf durationMs=68
2026-01-09T23:38:50.782+05:30  INFO 17786 --- [smart-cbwtf-backend] [nio-8080-exec-6] c.s.config.RequestLoggingFilter          : traceId=d844487f-befe-4a52-9cd2-57d4120d9ef3 method=GET path=/api/cbwtf/dashboard/weekly-trend status=200 user=test_cbwtf durationMs=81
2026-01-09T23:39:02.679+05:30  INFO 17786 --- [smart-cbwtf-backend] [   scheduling-1] c.smartcbwtf.service.SystemErrorService  : Running auto-resolution check for system errors...
2026-01-09T23:39:02.682+05:30  INFO 17786 --- [smart-cbwtf-backend] [   scheduling-1] c.smartcbwtf.service.SystemErrorService  : Auto-resolution completed: 0 errors resolved
2026-01-09T23:39:50.813+05:30 DEBUG 17786 --- [smart-cbwtf-backend] [nio-8080-exec-9] c.s.service.CBWTFDashboardService        : Building dashboard metrics for facility a1b2c3d4-e5f6-7890-abcd-ef1234567890
2026-01-09T23:39:50.829+05:30  INFO 17786 --- [smart-cbwtf-backend] [nio-8080-exec-1] c.s.config.RequestLoggingFilter          : traceId=5b90e5d0-0a49-4b4b-8785-b4a69788454b method=GET path=/api/cbwtf/dashboard/trend-comparison status=200 user=test_cbwtf durationMs=51
2026-01-09T23:39:50.835+05:30  INFO 17786 --- [smart-cbwtf-backend] [nio-8080-exec-4] c.s.config.RequestLoggingFilter          : traceId=1a719002-091d-47f9-a5d4-1a2b635c777b method=GET path=/api/cbwtf/dashboard/category-breakdown status=200 user=test_cbwtf durationMs=57
2026-01-09T23:39:50.858+05:30  INFO 17786 --- [smart-cbwtf-backend] [nio-8080-exec-7] c.s.config.RequestLoggingFilter          : traceId=8e2584d8-7c4d-4edf-b337-b62e32d8cd4d method=GET path=/api/cbwtf/dashboard/weekly-trend status=200 user=test_cbwtf durationMs=66
2026-01-09T23:39:50.887+05:30  INFO 17786 --- [smart-cbwtf-backend] [nio-8080-exec-9] c.s.config.RequestLoggingFilter          : traceId=75fa26ec-df2e-47fe-b8fa-a6ad3fc79949 method=GET path=/api/cbwtf/dashboard status=200 user=test_cbwtf durationMs=104
2026-01-09T23:40:43.705+05:30  INFO 17786 --- [smart-cbwtf-backend] [ionShutdownHook] j.LocalContainerEntityManagerFactoryBean : Closing JPA EntityManagerFactory for persistence unit 'default'
2026-01-09T23:40:43.738+05:30  INFO 17786 --- [smart-cbwtf-backend] [ionShutdownHook] com.zaxxer.hikari.HikariDataSource       : HikariPool-1 - Shutdown initiated...
2026-01-09T23:40:43.742+05:30  INFO 17786 --- [smart-cbwtf-backend] [ionShutdownHook] com.zaxxer.hikari.HikariDataSource       : HikariPool-1 - Shutdown completed.
